<!DOCTYPE html>
<html lang="en">
  <head>
    <title>The core software is built by hundreds of community volunteers</title>
  </head>
  <body>
    <h1>The core software is built by hundreds of community volunteers</h1>
  </body>
</html>